s1711044:shaders/blur.frag:./shaders/blur.frag
s1710761:shaders/modelviewer.frag:./shaders/modelviewer.frag
s1711688:shaders/simple.frag:./shaders/simple.frag
s1711782:shaders/passthru.vert:./shaders/passthru.vert
s1711040:shaders/particles.geom:./shaders/particles.geom
s1712137:shaders/debug.vert:./shaders/debug.vert
s1711118:shaders/particles.vert:./shaders/particles.vert
s1711006:shaders/uniforms.glsl:./shaders/uniforms.glsl
s1712130:shaders/debug.geom:./shaders/debug.geom
s1712125:shaders/debug.frag:./shaders/debug.frag
s1712431:shaders/skybox.vert:./shaders/skybox.vert
s1713023:shaders/hologram.frag:./shaders/hologram.frag
s1710990:shaders/normal.frag:./shaders/normal.frag
s1711045:shaders/light_calculations.glsl:./shaders/light_calculations.glsl
s1711687:shaders/normal.vert:./shaders/normal.vert
s1711247:shaders/particles_light.vert:./shaders/particles_light.vert
s1711248:shaders/particles_light.frag:./shaders/particles_light.frag
s1711249:shaders/particles_light.geom:./shaders/particles_light.geom
s1712425:shaders/modelviewer.vert:./shaders/modelviewer.vert
s1712421:shaders/filmgrain.frag:./shaders/filmgrain.frag
s1711689:shaders/simple.vert:./shaders/simple.vert
s1710996:shaders/passthru.frag:./shaders/passthru.frag
s1712779:shaders/screenspace.glsl:./shaders/screenspace.glsl
s1711003:shaders/skybox_color.glsl:./shaders/skybox_color.glsl
s1713025:shaders/hologram.vert:./shaders/hologram.vert
s1712448:shaders/water.vert:./shaders/water.vert
s1712428:shaders/skybox.frag:./shaders/skybox.frag
s1711048:shaders/water.frag:./shaders/water.frag
s1711690:shaders/default.vert:./shaders/default.vert
s1712717:shaders/blend.frag:./shaders/blend.frag
s1711475:shaders/default.frag:./shaders/default.frag
s1711769:shaders/distort.frag:./shaders/distort.frag
s1710994:shaders/particles.frag:./shaders/particles.frag
t1712848:textures/fire2.png:./textures/fire2.png
t1712651:textures/water.png:./textures/water.png
t1711431:textures/default.jpg:./textures/default.jpg
t1712632:textures/default_normalmap.jpg:./textures/default_normalmap.jpg
t1712640:textures/night/bottom.png:./textures/night/bottom.png
t1712645:textures/night/left.png:./textures/night/left.png
t1712647:textures/night/top.png:./textures/night/top.png
t1712634:textures/night/back.png:./textures/night/back.png
t1712646:textures/night/right.png:./textures/night/right.png
t1712643:textures/night/front.png:./textures/night/front.png
t1712776:textures/fire1.png:./textures/fire1.png
t3671920:textures/nox2/text1.png:./textures/nox2/text1.png
t3671971:textures/nox2/text5.png:./textures/nox2/text5.png
t3671972:textures/nox2/text6.png:./textures/nox2/text6.png
t3671970:textures/nox2/text4.png:./textures/nox2/text4.png
t3673126:textures/nox2/tunnel-color.png:./textures/nox2/tunnel-color.png
t3671975:textures/nox2/text8.png:./textures/nox2/text8.png
t3671974:textures/nox2/text7.png:./textures/nox2/text7.png
t3673127:textures/nox2/tunnel-normal.png:./textures/nox2/tunnel-normal.png
t3674231:textures/nox2/wall_normal.png:./textures/nox2/wall_normal.png
t3671968:textures/nox2/text0.png:./textures/nox2/text0.png
t3671949:textures/nox2/text10.png:./textures/nox2/text10.png
t3674230:textures/nox2/wall.png:./textures/nox2/wall.png
t3671967:textures/nox2/text.xcf:./textures/nox2/text.xcf
t3671950:textures/nox2/text2.png:./textures/nox2/text2.png
t3671969:textures/nox2/text3.png:./textures/nox2/text3.png
t3671978:textures/nox2/text9.png:./textures/nox2/text9.png
t1713104:textures/frob_color.png:./textures/frob_color.png
t3671915:textures/skydark/bottom.png:./textures/skydark/bottom.png
t3671917:textures/skydark/left.png:./textures/skydark/left.png
t3671919:textures/skydark/top.png:./textures/skydark/top.png
t3671914:textures/skydark/back.png:./textures/skydark/back.png
t3671918:textures/skydark/right.png:./textures/skydark/right.png
t3671916:textures/skydark/front.png:./textures/skydark/front.png
t1713115:textures/frob_nocolor.png:./textures/frob_nocolor.png
t1712528:textures/crossnrm.jpg:./textures/crossnrm.jpg
t1712849:textures/fire3.png:./textures/fire3.png
t1713119:textures/loading.png:./textures/loading.png
t1712650:textures/tv.png:./textures/tv.png
t1712649:textures/sten_normal.png:./textures/sten_normal.png
t1712712:textures/hest.jpg:./textures/hest.jpg
t1713051:textures/particle.png:./textures/particle.png
t1712850:textures/fog.png:./textures/fog.png
t1712648:textures/sten_maya.jpg:./textures/sten_maya.jpg
d1:./src/scene/nox_cam1.txt:./src/scene/nox_cam1.txt
d2:./src/scene/nox_cam2.txt:./src/scene/nox_cam2.txt
d3:./src/scene/nox_extra_light.txt:./src/scene/nox_extra_light.txt
c1:./cl_programs/particles.cl:./cl_programs/particles.cl
c2:./cl_programs/particles_structs.cl:./cl_programs/particles_structs.cl
c3:./cl_programs/particles_random.cl:./cl_programs/particles_random.cl
m1:./src/scene/nox.meta:./src/scene/nox.meta
m2:./src/nox2.txt:./src/nox2.txt
n1:./music/jumping.ogg:./music/jumping.ogg
